
Map of Debug\fat87_ass.sm8 from link file Debug\fat87_ass.lkf - Tue Nov 29 01:56:13 2016


                               --------
                               Segments
                               --------

start 00008080 end 00008080 length     0 segment .const
start 00008097 end 000085ce length  1335 segment .text
start 00004000 end 00004000 length     0 segment .eeprom
start 00000000 end 00000009 length     9 segment .bsct, initialized
start 0000808d end 00008096 length     9 segment .bsct, from
start 00000009 end 00000032 length    41 segment .ubsct
start 000032:0 end 000032:6 length     6 segment .bit, initialized
start 00008096 end 00008097 length     1 segment .bit, from
start 00000033 end 00000033 length     0 segment .share
start 00000100 end 00000100 length     0 segment .data
start 00000100 end 00000100 length     0 segment .bss
start 00000000 end 0000036d length   877 segment .info.
start 00000000 end 0000208b length  8331 segment .debug
start 00008000 end 00008080 length   128 segment .const
start 00008080 end 0000808d length    13 segment .init


                               -------
                               Modules
                               -------

C:\Program Files\COSMIC\CXSTM8_32K\Lib\crtsi0.sm8:
start 00008097 end 000080e2 length    75 section .text
start 00000100 end 00000100 length     0 section .bss
start 00000009 end 00000009 length     0 section .ubsct
start 00000000 end 0000002f length    47 section .info.

Debug\main_ass.o:
start 000080e2 end 000084a7 length   965 section .text
start 00000000 end 00000009 length     9 section .bsct
start 00000009 end 00000028 length    31 section .ubsct
start 00000000 end 00001f20 length  7968 section .debug
start 0000002f end 000000ad length   126 section .info.
start 000032:0 end 000032:6 length     6 section .bit

(C:\Program Files\COSMIC\CXSTM8_32K\Lib\libm0.sm8)eeprom.o:
start 000084a7 end 0000850d length   102 section .text
start 000000ad end 000000dd length    48 section .info.

(C:\Program Files\COSMIC\CXSTM8_32K\Lib\libm0.sm8)ladd.o:
start 0000850d end 00008525 length    24 section .text
start 000000dd end 0000010b length    46 section .info.

(C:\Program Files\COSMIC\CXSTM8_32K\Lib\libm0.sm8)lcmp.o:
start 00008525 end 00008545 length    32 section .text
start 0000010b end 00000139 length    46 section .info.

(C:\Program Files\COSMIC\CXSTM8_32K\Lib\libm0.sm8)lgadc.o:
start 00008545 end 00008555 length    16 section .text
start 00000139 end 00000168 length    47 section .info.

(C:\Program Files\COSMIC\CXSTM8_32K\Lib\libm0.sm8)lreg.o:
start 00000028 end 0000002c length     4 section .ubsct
start 00000168 end 00000196 length    46 section .info.

(C:\Program Files\COSMIC\CXSTM8_32K\Lib\libm0.sm8)ltor.o:
start 00008555 end 00008567 length    18 section .text
start 00000196 end 000001c4 length    46 section .info.

(C:\Program Files\COSMIC\CXSTM8_32K\Lib\libm0.sm8)rtol.o:
start 00008567 end 00008579 length    18 section .text
start 000001c4 end 000001f2 length    46 section .info.

(C:\Program Files\COSMIC\CXSTM8_32K\Lib\libm0.sm8)umul.o:
start 00008579 end 000085b5 length    60 section .text
start 000001f2 end 00000220 length    46 section .info.

(C:\Program Files\COSMIC\CXSTM8_32K\Lib\libm0.sm8)vmul.o:
start 000085b5 end 000085cd length    24 section .text
start 00000220 end 0000024e length    46 section .info.

(C:\Program Files\COSMIC\CXSTM8_32K\Lib\libm0.sm8)xreg.o:
start 0000002c end 0000002f length     3 section .ubsct
start 0000024e end 0000027c length    46 section .info.

(C:\Program Files\COSMIC\CXSTM8_32K\Lib\libm0.sm8)yreg.o:
start 0000002f end 00000032 length     3 section .ubsct
start 0000027c end 000002aa length    46 section .info.

Debug\stm8_interrupt_vector.o:
start 000085cd end 000085ce length     1 section .text
start 00001f20 end 0000208b length   363 section .debug
start 000002aa end 00000335 length   139 section .info.
start 00008000 end 00008080 length   128 section .const


                             -----------
                             Stack usage
                             -----------

Debug\main_ass.o:
_adc2_init             >    2   (2)
_adr_drv_v3            >    2   (2)
_delay_ms              >   19   (14)
_exti_init                  2   (2)
_gran                  >    8   (8)
_granee                >   12   (8)
_led_drv               >    2   (2)
_main                  >    4   (2)
_matemat               >    2   (2)
_pwr_drv               >    2   (2)
_pwr_hndl              >    2   (2)
_t1_init                    2   (2)
_t2_init               >    2   (2)
_t2_init_                   2   (2)
_t3_init_              >    2   (2)
_t4_init                    2   (2)
f_ADC2_EOC_Interrupt   >   29   (26)
f_PortD_Ext_Interrupt  >    5   (5)
f_TIM4_UPD_Interrupt   >    5   (5)

Debug\stm8_interrupt_vector.o:
f_NonHandledInterrupt  >    5   (5)

Stack size: 48


                              ---------
                              Call tree
                              ---------
   1 > __stext: (0)

   2 > _adc2_init: (2)

   3 > _adr_drv_v3: (2)

   4 > _delay_ms: (14)

   5 > _gran: (8)

   6 > _granee: (8)

   7 > _led_drv: (2)

   8 > _main: (2)
   9      + _exti_init: (2)
  10      + _t1_init: (2)
  11      + _t2_init_: (2)
  12      + _t4_init: (2)
       
  13 > _matemat: (2)

  14 > _pwr_drv: (2)

  15 > _pwr_hndl: (2)

  16 > _t2_init: (2)

  17 > _t3_init_: (2)

  18 > f_ADC2_EOC_Interrupt: (26)

  19 > f_NonHandledInterrupt: (5)

  20 > f_PortD_Ext_Interrupt: (5)

  21 > f_TIM4_UPD_Interrupt: (5)

  22   _exti_init --> 9

  23   _t1_init --> 10

  24   _t2_init_ --> 11

  25   _t4_init --> 12



                               -------
                               Symbols
                               -------

_ADC_CR1                00004c01   defined in Debug\main_ass.o
_ADC_CR2                00004c02   defined in Debug\main_ass.o
_ADC_CR3                00004c03   defined in Debug\main_ass.o
_ADC_CSR                00004c00   defined in Debug\main_ass.o
_ADC_DRH                00004c04   defined in Debug\main_ass.o
_ADC_DRL                00004c05   defined in Debug\main_ass.o
_ADC_TDRH               00004c06   defined in Debug\main_ass.o
_ADC_TDRL               00004c07   defined in Debug\main_ass.o
_CLK_CCOR               000048c9   defined in Debug\main_ass.o
_CLK_CKDIVR             000048c6   defined in Debug\main_ass.o
_CLK_CMSR               000048c3   defined in Debug\main_ass.o
_CLK_CSSR               000048c8   defined in Debug\main_ass.o
_CLK_ECKR               000048c1   defined in Debug\main_ass.o
_CLK_HSESTR             000048ca   defined in Debug\main_ass.o
_CLK_HSICALR            000048cc   defined in Debug\main_ass.o
_CLK_HSITRIMR           000048ce   defined in Debug\main_ass.o
_CLK_ICKR               000048c0   defined in Debug\main_ass.o
_CLK_LSESTR             000048cb   defined in Debug\main_ass.o
_CLK_NHSICALR           000048cd   defined in Debug\main_ass.o
_CLK_PCKENR             000048c7   defined in Debug\main_ass.o
_CLK_SWCR               000048c5   defined in Debug\main_ass.o
_CLK_SWR                000048c4   defined in Debug\main_ass.o
_FLASH_CR1              00004856   defined in Debug\main_ass.o
_FLASH_CR2              00004857   defined in Debug\main_ass.o
                                   used in (C:\Program Files\COSMIC\CXSTM8_32K\Lib\libm0.sm8)eeprom.o
_FLASH_FSTPPR           0000485a   defined in Debug\main_ass.o
_FLASH_IAPSR            00004859   defined in Debug\main_ass.o
                                   used in (C:\Program Files\COSMIC\CXSTM8_32K\Lib\libm0.sm8)eeprom.o
_FLASH_NCR2             00004858   defined in Debug\main_ass.o
                                   used in (C:\Program Files\COSMIC\CXSTM8_32K\Lib\libm0.sm8)eeprom.o
_FLASH_NFSTPPR          0000485b   defined in Debug\main_ass.o
_I2C_CCRH               00004a22   defined in Debug\main_ass.o
_I2C_CCRL               00004a21   defined in Debug\main_ass.o
_I2C_CR1                00004a10   defined in Debug\main_ass.o
_I2C_CR2                00004a11   defined in Debug\main_ass.o
_I2C_DR                 00004a16   defined in Debug\main_ass.o
_I2C_FREQR              00004a12   defined in Debug\main_ass.o
_I2C_OARH               00004a14   defined in Debug\main_ass.o
_I2C_OARL               00004a13   defined in Debug\main_ass.o
_I2C_SR1                00004a17   defined in Debug\main_ass.o
_I2C_SR2                00004a18   defined in Debug\main_ass.o
_I2C_SR3                00004a19   defined in Debug\main_ass.o
_I2C_TRISER             00004a23   defined in Debug\main_ass.o
_ICE_BK1ER              00004872   defined in Debug\main_ass.o
_ICE_BK1RH              00004873   defined in Debug\main_ass.o
_ICE_BK1RL              00004874   defined in Debug\main_ass.o
_ICE_BK2ER              00004875   defined in Debug\main_ass.o
_ICE_BK2RH              00004876   defined in Debug\main_ass.o
_ICE_BK2RL              00004877   defined in Debug\main_ass.o
_ICE_CR1                00004870   defined in Debug\main_ass.o
_ICE_CR2                00004878   defined in Debug\main_ass.o
_ICE_FER                0000487a   defined in Debug\main_ass.o
_ICE_SR1                00004871   defined in Debug\main_ass.o
_ICE_SR2                00004879   defined in Debug\main_ass.o
_ITC_EICR0              000048a0   defined in Debug\main_ass.o
_ITC_EICR1              000048a1   defined in Debug\main_ass.o
_ITC_PAIFR              000048a4   defined in Debug\main_ass.o
_ITC_PBIFR              000048a5   defined in Debug\main_ass.o
_ITC_PCIFR              000048a6   defined in Debug\main_ass.o
_ITC_PDIFR              000048a7   defined in Debug\main_ass.o
_ITC_PEIFR              000048a8   defined in Debug\main_ass.o
_ITC_PFIFR              000048a9   defined in Debug\main_ass.o
_ITC_SPR0               00004890   defined in Debug\main_ass.o
_ITC_SPR1               00004891   defined in Debug\main_ass.o
_ITC_SPR2               00004892   defined in Debug\main_ass.o
_ITC_SPR3               00004893   defined in Debug\main_ass.o
_ITC_SPR4               00004894   defined in Debug\main_ass.o
_ITC_SPR5               00004895   defined in Debug\main_ass.o
_ITC_SPR6               00004896   defined in Debug\main_ass.o
_ITC_SPR7               00004897   defined in Debug\main_ass.o
_IWDG_KR                000048e0   defined in Debug\main_ass.o
_IWDG_PR                000048e1   defined in Debug\main_ass.o
_IWDG_RR                000048e2   defined in Debug\main_ass.o
_PA_CR                  00000004   defined in Debug\main_ass.o
_PA_DDR                 00000002   defined in Debug\main_ass.o
_PA_DR                  00000000   defined in Debug\main_ass.o
_PA_OR                  00000003   defined in Debug\main_ass.o
_PA_PR                  00000001   defined in Debug\main_ass.o
_PB_CR                  00000009   defined in Debug\main_ass.o
_PB_DDR                 00000007   defined in Debug\main_ass.o
_PB_DR                  00000005   defined in Debug\main_ass.o
_PB_OR                  00000008   defined in Debug\main_ass.o
_PB_PR                  00000006   defined in Debug\main_ass.o
_PC_CR                  0000000e   defined in Debug\main_ass.o
_PC_DDR                 0000000c   defined in Debug\main_ass.o
_PC_DR                  0000000a   defined in Debug\main_ass.o
_PC_OR                  0000000d   defined in Debug\main_ass.o
_PC_PR                  0000000b   defined in Debug\main_ass.o
_PD_CR                  00000013   defined in Debug\main_ass.o
_PD_DDR                 00000011   defined in Debug\main_ass.o
_PD_DR                  0000000f   defined in Debug\main_ass.o
_PD_OR                  00000012   defined in Debug\main_ass.o
_PD_PR                  00000010   defined in Debug\main_ass.o
_PE_CR                  00000018   defined in Debug\main_ass.o
_PE_DDR                 00000016   defined in Debug\main_ass.o
_PE_DR                  00000014   defined in Debug\main_ass.o
_PE_OR                  00000017   defined in Debug\main_ass.o
_PE_PR                  00000015   defined in Debug\main_ass.o
_PF_CR                  0000001d   defined in Debug\main_ass.o
_PF_DDR                 0000001b   defined in Debug\main_ass.o
_PF_DR                  00000019   defined in Debug\main_ass.o
_PF_OR                  0000001c   defined in Debug\main_ass.o
_PF_PR                  0000001a   defined in Debug\main_ass.o
_RST_CR1                000048b0   defined in Debug\main_ass.o
_RST_CR2                000048b1   defined in Debug\main_ass.o
_RST_NCR2               000048b2   defined in Debug\main_ass.o
_RST_SR                 000048b3   defined in Debug\main_ass.o
_RTCAWU_APR             000048f1   defined in Debug\main_ass.o
_RTCAWU_CSR1            000048f0   defined in Debug\main_ass.o
_RTCAWU_CSR2            000048f3   defined in Debug\main_ass.o
_RTCAWU_TBR             000048f2   defined in Debug\main_ass.o
_SPI_CR1                00004a00   defined in Debug\main_ass.o
_SPI_CR2                00004a01   defined in Debug\main_ass.o
_SPI_CRCPR              00004a05   defined in Debug\main_ass.o
_SPI_DR                 00004a04   defined in Debug\main_ass.o
_SPI_ICR                00004a02   defined in Debug\main_ass.o
_SPI_RXCRCR             00004a06   defined in Debug\main_ass.o
_SPI_SR                 00004a03   defined in Debug\main_ass.o
_SPI_TXCRCR             00004a07   defined in Debug\main_ass.o
_SWIM_CSR               00004880   defined in Debug\main_ass.o
_SWIM_DR                00004881   defined in Debug\main_ass.o
_TIM1_ARRH              00004b10   defined in Debug\main_ass.o
_TIM1_ARRL              00004b11   defined in Debug\main_ass.o
_TIM1_BKR               00004b18   defined in Debug\main_ass.o
_TIM1_CCER1             00004b0b   defined in Debug\main_ass.o
_TIM1_CCER2             00004b0c   defined in Debug\main_ass.o
_TIM1_CCMR1             00004b08   defined in Debug\main_ass.o
_TIM1_CCMR2             00004b09   defined in Debug\main_ass.o
_TIM1_CCMR3             00004b0a   defined in Debug\main_ass.o
_TIM1_CCR1H             00004b12   defined in Debug\main_ass.o
_TIM1_CCR1L             00004b13   defined in Debug\main_ass.o
_TIM1_CCR2H             00004b14   defined in Debug\main_ass.o
_TIM1_CCR2L             00004b15   defined in Debug\main_ass.o
_TIM1_CCR3H             00004b16   defined in Debug\main_ass.o
_TIM1_CCR3L             00004b17   defined in Debug\main_ass.o
_TIM1_CNTRH             00004b0d   defined in Debug\main_ass.o
_TIM1_CNTRL             00004b0e   defined in Debug\main_ass.o
_TIM1_CR1               00004b00   defined in Debug\main_ass.o
_TIM1_CR2               00004b01   defined in Debug\main_ass.o
_TIM1_EGR               00004b07   defined in Debug\main_ass.o
_TIM1_ETR               00004b03   defined in Debug\main_ass.o
_TIM1_IER               00004b04   defined in Debug\main_ass.o
_TIM1_OISR              00004b19   defined in Debug\main_ass.o
_TIM1_PSCR              00004b0f   defined in Debug\main_ass.o
_TIM1_SMCR              00004b02   defined in Debug\main_ass.o
_TIM1_SR1               00004b05   defined in Debug\main_ass.o
_TIM1_SR2               00004b06   defined in Debug\main_ass.o
_TIM2_ARRH              00004b2c   defined in Debug\main_ass.o
_TIM2_ARRL              00004b2d   defined in Debug\main_ass.o
_TIM2_CCER1             00004b28   defined in Debug\main_ass.o
_TIM2_CCMR1             00004b27   defined in Debug\main_ass.o
_TIM2_CCR1H             00004b2e   defined in Debug\main_ass.o
_TIM2_CCR1L             00004b2f   defined in Debug\main_ass.o
_TIM2_CNTRH             00004b29   defined in Debug\main_ass.o
_TIM2_CNTRL             00004b2a   defined in Debug\main_ass.o
_TIM2_CR1               00004b20   defined in Debug\main_ass.o
_TIM2_CR2               00004b21   defined in Debug\main_ass.o
_TIM2_EGR               00004b26   defined in Debug\main_ass.o
_TIM2_IER               00004b23   defined in Debug\main_ass.o
_TIM2_PSCR              00004b2b   defined in Debug\main_ass.o
_TIM2_SMCR              00004b22   defined in Debug\main_ass.o
_TIM2_SR1               00004b24   defined in Debug\main_ass.o
_TIM2_SR2               00004b25   defined in Debug\main_ass.o
_TIM3_ARR               00004b47   defined in Debug\main_ass.o
_TIM3_CNTRH             00004b44   defined in Debug\main_ass.o
_TIM3_CNTRL             00004b45   defined in Debug\main_ass.o
_TIM3_CR                00004b40   defined in Debug\main_ass.o
_TIM3_EGR               00004b43   defined in Debug\main_ass.o
_TIM3_IER               00004b41   defined in Debug\main_ass.o
_TIM3_PSCR              00004b46   defined in Debug\main_ass.o
_TIM3_SR                00004b42   defined in Debug\main_ass.o
_TSENS_CR               00004c10   defined in Debug\main_ass.o
_USART_BRR1             00004a32   defined in Debug\main_ass.o
_USART_BRR2             00004a33   defined in Debug\main_ass.o
_USART_CR1              00004a34   defined in Debug\main_ass.o
_USART_CR2              00004a35   defined in Debug\main_ass.o
_USART_CR3              00004a36   defined in Debug\main_ass.o
_USART_CR4              00004a37   defined in Debug\main_ass.o
_USART_CR5              00004a38   defined in Debug\main_ass.o
_USART_DR               00004a31   defined in Debug\main_ass.o
_USART_GTR              00004a39   defined in Debug\main_ass.o
_USART_PSCR             00004a3a   defined in Debug\main_ass.o
_USART_SR               00004a30   defined in Debug\main_ass.o
_WWDG_CR                000048d0   defined in Debug\main_ass.o
_WWDG_WR                000048d1   defined in Debug\main_ass.o
__endmem                000013ff   defined in command file
                                   *** not used ***
__endzp                 00000032   defined in command file section .ubsct
                                   used in C:\Program Files\COSMIC\CXSTM8_32K\Lib\crtsi0.sm8
__idesc__               00008080   defined in linker section .init
                                   used in C:\Program Files\COSMIC\CXSTM8_32K\Lib\crtsi0.sm8
__memory                00000100   defined in command file section .bss
                                   used in C:\Program Files\COSMIC\CXSTM8_32K\Lib\crtsi0.sm8
__stack                 000017ff   defined in command file
                                   used in C:\Program Files\COSMIC\CXSTM8_32K\Lib\crtsi0.sm8
__startmem              00000100   defined in command file section .bss
                                   *** not used ***
__stext                 00008097   defined in C:\Program Files\COSMIC\CXSTM8_32K\Lib\crtsi0.sm8 section .text
                                   used in Debug\stm8_interrupt_vector.o
__vectab                00008000   defined in Debug\stm8_interrupt_vector.o section .const
_adc2_init              00008277   defined in Debug\main_ass.o section .text
_adc_ch                 00000027   defined in Debug\main_ass.o section .ubsct
_adc_cnt                00000026   defined in Debug\main_ass.o section .ubsct
_adc_plazma             0000001a   defined in Debug\main_ass.o section .ubsct
_adc_plazma_short       00000024   defined in Debug\main_ass.o section .ubsct
_adr_drv_v3             00008185   defined in Debug\main_ass.o section .text
_b100Hz                 000032:5   defined in Debug\main_ass.o section .bit, initialized
_b10Hz                  000032:4   defined in Debug\main_ass.o section .bit, initialized
_b1Hz                   000032:1   defined in Debug\main_ass.o section .bit, initialized
_b2Hz                   000032:2   defined in Debug\main_ass.o section .bit, initialized
_b5Hz                   000032:3   defined in Debug\main_ass.o section .bit, initialized
_bMAIN                  000032:0   defined in Debug\main_ass.o section .bit, initialized
_bVENT_BLOCK            00000000   defined in Debug\main_ass.o section .bsct, initialized
_buffer_for_timer1_H    0000000a   defined in Debug\main_ass.o section .ubsct
_buffer_for_timer1_L    00000009   defined in Debug\main_ass.o section .ubsct
_cnt_net_drv            0000000e   defined in Debug\main_ass.o section .ubsct
_delay_ms               0000812e   defined in Debug\main_ass.o section .text
_exit                   000080e0   defined in C:\Program Files\COSMIC\CXSTM8_32K\Lib\crtsi0.sm8 section .text
_exti_init              000081e6   defined in Debug\main_ass.o section .text
_gran                   000080e2   defined in Debug\main_ass.o section .text
_granee                 00008103   defined in Debug\main_ass.o section .text
_i_main_num_of_bps      0000000d   defined in Debug\main_ass.o section .ubsct
_i_main_sigma           0000000b   defined in Debug\main_ass.o section .ubsct
_led_drv                00008181   defined in Debug\main_ass.o section .text
_main                   000083b9   defined in Debug\main_ass.o section .text
                                   used in C:\Program Files\COSMIC\CXSTM8_32K\Lib\crtsi0.sm8
_main_cnt               00000017   defined in Debug\main_ass.o section .ubsct
_main_cnt1              00000015   defined in Debug\main_ass.o section .ubsct
_matemat                00008184   defined in Debug\main_ass.o section .text
_off_bp_cnt             00000019   defined in Debug\main_ass.o section .ubsct
_plazma_int             0000000f   defined in Debug\main_ass.o section .ubsct
_pwr_drv                00008182   defined in Debug\main_ass.o section .text
_pwr_hndl               00008183   defined in Debug\main_ass.o section .text
_rotor_int              00000007   defined in Debug\main_ass.o section .bsct, initialized
_t0_cnt0                00000001   defined in Debug\main_ass.o section .bsct, initialized
_t0_cnt1                00000003   defined in Debug\main_ass.o section .bsct, initialized
_t0_cnt2                00000004   defined in Debug\main_ass.o section .bsct, initialized
_t0_cnt3                00000005   defined in Debug\main_ass.o section .bsct, initialized
_t0_cnt4                00000006   defined in Debug\main_ass.o section .bsct, initialized
_t1_init                000081f7   defined in Debug\main_ass.o section .text
_t2_init                0000826e   defined in Debug\main_ass.o section .text
_t2_init_               0000823c   defined in Debug\main_ass.o section .text
_t3_init_               00008255   defined in Debug\main_ass.o section .text
_t4_init                00008170   defined in Debug\main_ass.o section .text
c_eewrc                 000084bd   defined in (C:\Program Files\COSMIC\CXSTM8_32K\Lib\libm0.sm8)eeprom.o section .text
                                   *** not used ***
c_eewrd                 000084f0   defined in (C:\Program Files\COSMIC\CXSTM8_32K\Lib\libm0.sm8)eeprom.o section .text
                                   *** not used ***
c_eewrw                 000084a7   defined in (C:\Program Files\COSMIC\CXSTM8_32K\Lib\libm0.sm8)eeprom.o section .text
                                   used in Debug\main_ass.o
c_ladd                  0000850d   defined in (C:\Program Files\COSMIC\CXSTM8_32K\Lib\libm0.sm8)ladd.o section .text
                                   used in Debug\main_ass.o
c_lcmp                  00008525   defined in (C:\Program Files\COSMIC\CXSTM8_32K\Lib\libm0.sm8)lcmp.o section .text
                                   used in Debug\main_ass.o
c_lgadc                 00008545   defined in (C:\Program Files\COSMIC\CXSTM8_32K\Lib\libm0.sm8)lgadc.o section .text
                                   used in Debug\main_ass.o
c_lreg                  00000028   defined in (C:\Program Files\COSMIC\CXSTM8_32K\Lib\libm0.sm8)lreg.o section .ubsct
                                   used in Debug\main_ass.o
                                           (C:\Program Files\COSMIC\CXSTM8_32K\Lib\libm0.sm8)eeprom.o
                                           (C:\Program Files\COSMIC\CXSTM8_32K\Lib\libm0.sm8)ladd.o
                                           (C:\Program Files\COSMIC\CXSTM8_32K\Lib\libm0.sm8)lcmp.o
                                           (C:\Program Files\COSMIC\CXSTM8_32K\Lib\libm0.sm8)ltor.o
                                           (C:\Program Files\COSMIC\CXSTM8_32K\Lib\libm0.sm8)rtol.o
                                           (C:\Program Files\COSMIC\CXSTM8_32K\Lib\libm0.sm8)umul.o
                                           (C:\Program Files\COSMIC\CXSTM8_32K\Lib\libm0.sm8)vmul.o
c_ltor                  00008555   defined in (C:\Program Files\COSMIC\CXSTM8_32K\Lib\libm0.sm8)ltor.o section .text
                                   used in Debug\main_ass.o
c_rtol                  00008567   defined in (C:\Program Files\COSMIC\CXSTM8_32K\Lib\libm0.sm8)rtol.o section .text
                                   used in Debug\main_ass.o
c_umul                  00008579   defined in (C:\Program Files\COSMIC\CXSTM8_32K\Lib\libm0.sm8)umul.o section .text
                                   used in Debug\main_ass.o
                                           (C:\Program Files\COSMIC\CXSTM8_32K\Lib\libm0.sm8)vmul.o
c_vmul                  000085b5   defined in (C:\Program Files\COSMIC\CXSTM8_32K\Lib\libm0.sm8)vmul.o section .text
                                   used in Debug\main_ass.o
c_x                     0000002c   defined in (C:\Program Files\COSMIC\CXSTM8_32K\Lib\libm0.sm8)xreg.o section .ubsct
                                   used in C:\Program Files\COSMIC\CXSTM8_32K\Lib\crtsi0.sm8
                                           Debug\main_ass.o
                                           (C:\Program Files\COSMIC\CXSTM8_32K\Lib\libm0.sm8)umul.o
                                           (C:\Program Files\COSMIC\CXSTM8_32K\Lib\libm0.sm8)vmul.o
c_y                     0000002f   defined in (C:\Program Files\COSMIC\CXSTM8_32K\Lib\libm0.sm8)yreg.o section .ubsct
                                   used in C:\Program Files\COSMIC\CXSTM8_32K\Lib\crtsi0.sm8
                                           Debug\main_ass.o
                                           (C:\Program Files\COSMIC\CXSTM8_32K\Lib\libm0.sm8)umul.o
                                           (C:\Program Files\COSMIC\CXSTM8_32K\Lib\libm0.sm8)vmul.o
f_ADC2_EOC_Interrupt    0000833c   defined in Debug\main_ass.o section .text
                                   used in Debug\stm8_interrupt_vector.o
f_NonHandledInterrupt   000085cd   defined in Debug\stm8_interrupt_vector.o section .text
f_PortD_Ext_Interrupt   0000839e   defined in Debug\main_ass.o section .text
                                   used in Debug\stm8_interrupt_vector.o
f_TIM4_UPD_Interrupt    000082eb   defined in Debug\main_ass.o section .text
                                   used in Debug\stm8_interrupt_vector.o
